---
source: src/test.rs
expression: evaluate_example(path)
input_file: tests/table2.nu
---
==== COMPILER ====
0: String (7 to 8) "a"
1: String (10 to 11) "b"
2: List(ListId(0)) (6 to 12)
3: Int (20 to 21) "1"
4: Int (23 to 24) "2"
5: List(ListId(1)) (19 to 25)
6: Int (31 to 32) "3"
7: Int (34 to 35) "4"
8: List(ListId(2)) (30 to 36)
9: Table(TableId(0)) (0 to 38)
10: Block(BlockId(0)) (0 to 38)
==== SCOPE ====
0: Frame Scope, node_id: NodeId(10) (empty)
==== TYPES ====
0: string
1: string
2: list<string>
3: int
4: int
5: list<int>
6: int
7: int
8: list<int>
9: list<any>
10: list<any>
==== IR ====
register_count: 13
file_count: 0
0: LoadLiteral { dst: RegId(0), lit: List { capacity: 2 } }
1: LoadLiteral { dst: RegId(1), lit: String(DataSlice { start: 0, len: 1 }) }
2: LoadLiteral { dst: RegId(2), lit: String(DataSlice { start: 1, len: 1 }) }
3: LoadLiteral { dst: RegId(3), lit: Record { capacity: 2 } }
4: Clone { dst: RegId(4), src: RegId(1) }
5: LoadLiteral { dst: RegId(5), lit: Int(1) }
6: RecordInsert { src_dst: RegId(3), key: RegId(4), val: RegId(5) }
7: Clone { dst: RegId(6), src: RegId(2) }
8: LoadLiteral { dst: RegId(7), lit: Int(2) }
9: RecordInsert { src_dst: RegId(3), key: RegId(6), val: RegId(7) }
10: ListPush { src_dst: RegId(0), item: RegId(3) }
11: LoadLiteral { dst: RegId(8), lit: Record { capacity: 2 } }
12: Clone { dst: RegId(9), src: RegId(1) }
13: LoadLiteral { dst: RegId(10), lit: Int(3) }
14: RecordInsert { src_dst: RegId(8), key: RegId(9), val: RegId(10) }
15: Clone { dst: RegId(11), src: RegId(2) }
16: LoadLiteral { dst: RegId(12), lit: Int(4) }
17: RecordInsert { src_dst: RegId(8), key: RegId(11), val: RegId(12) }
18: ListPush { src_dst: RegId(0), item: RegId(8) }
19: Drop { src: RegId(1) }
20: Drop { src: RegId(2) }
21: Return { src: RegId(0) }

