---
source: src/test.rs
expression: evaluate_example(path)
input_file: tests/try.nu
---
==== COMPILER ====
0: Int (10 to 11) "1"
1: Divide (12 to 13)
2: Int (14 to 15) "0"
3: BinaryOp { lhs: NodeId(0), op: NodeId(1), rhs: NodeId(2) } (10 to 15)
4: Block(BlockId(0)) (4 to 17)
5: Try { try_block: NodeId(4), catch_block: None, finally_block: None } (0 to 17)
6: Int (29 to 30) "1"
7: Divide (31 to 32)
8: Int (33 to 34) "0"
9: BinaryOp { lhs: NodeId(6), op: NodeId(7), rhs: NodeId(8) } (29 to 34)
10: Block(BlockId(1)) (23 to 37)
11: Name (49 to 54) "print"
12: String (55 to 59) ""aa""
13: Call(CallId(0)) (49 to 59)
14: Block(BlockId(2)) (43 to 61)
15: Try { try_block: NodeId(10), catch_block: Some(NodeId(14)), finally_block: None } (19 to 61)
16: Int (73 to 74) "1"
17: Divide (75 to 76)
18: Int (77 to 78) "0"
19: BinaryOp { lhs: NodeId(16), op: NodeId(17), rhs: NodeId(18) } (73 to 78)
20: Block(BlockId(3)) (67 to 81)
21: Name (95 to 100) "print"
22: String (101 to 105) ""bb""
23: Call(CallId(1)) (95 to 105)
24: Block(BlockId(4)) (89 to 107)
25: Try { try_block: NodeId(20), catch_block: None, finally_block: Some(NodeId(24)) } (63 to 107)
26: Int (119 to 120) "1"
27: Divide (121 to 122)
28: Int (123 to 124) "0"
29: BinaryOp { lhs: NodeId(26), op: NodeId(27), rhs: NodeId(28) } (119 to 124)
30: Block(BlockId(5)) (113 to 127)
31: Int (139 to 141) "22"
32: Block(BlockId(6)) (133 to 144)
33: Name (158 to 163) "print"
34: String (164 to 168) ""bb""
35: Call(CallId(2)) (158 to 168)
36: Block(BlockId(7)) (152 to 170)
37: Try { try_block: NodeId(30), catch_block: Some(NodeId(32)), finally_block: Some(NodeId(36)) } (109 to 170)
38: Block(BlockId(8)) (0 to 172)
==== SCOPE ====
0: Frame Scope, node_id: NodeId(38) (empty)
==== TYPES ====
0: int
1: forbidden
2: int
3: int
4: int
5: int
6: int
7: forbidden
8: int
9: int
10: int
11: unknown
12: string
13: stream<binary>
14: stream<binary>
15: oneof<int, stream<binary>>
16: int
17: forbidden
18: int
19: int
20: int
21: unknown
22: string
23: stream<binary>
24: stream<binary>
25: int
26: int
27: forbidden
28: int
29: int
30: int
31: int
32: int
33: unknown
34: string
35: stream<binary>
36: stream<binary>
37: int
38: int
==== IR ====
register_count: 22
file_count: 0
0: LoadLiteral { dst: RegId(1), lit: Int(1) }
1: LoadLiteral { dst: RegId(2), lit: Int(0) }
2: BinaryOp { lhs_dst: RegId(1), op: Math(Divide), rhs: RegId(2) }
3: Move { dst: RegId(0), src: RegId(1) }
4: Drain { src: RegId(0) }
5: OnError { index: 12 }
6: LoadLiteral { dst: RegId(4), lit: Int(1) }
7: LoadLiteral { dst: RegId(5), lit: Int(0) }
8: BinaryOp { lhs_dst: RegId(4), op: Math(Divide), rhs: RegId(5) }
9: Move { dst: RegId(3), src: RegId(4) }
10: PopErrorHandler
11: Jump { index: 18 }
12: LoadLiteral { dst: RegId(6), lit: List { capacity: 2 } }
13: LoadLiteral { dst: RegId(7), lit: String(DataSlice { start: 0, len: 5 }) }
14: ListPush { src_dst: RegId(6), item: RegId(7) }
15: LoadLiteral { dst: RegId(8), lit: String(DataSlice { start: 5, len: 2 }) }
16: ListPush { src_dst: RegId(6), item: RegId(8) }
17: Move { dst: RegId(3), src: RegId(6) }
18: Drain { src: RegId(3) }
19: LoadLiteral { dst: RegId(10), lit: Int(1) }
20: LoadLiteral { dst: RegId(11), lit: Int(0) }
21: BinaryOp { lhs_dst: RegId(10), op: Math(Divide), rhs: RegId(11) }
22: Move { dst: RegId(9), src: RegId(10) }
23: LoadLiteral { dst: RegId(12), lit: List { capacity: 2 } }
24: LoadLiteral { dst: RegId(13), lit: String(DataSlice { start: 7, len: 5 }) }
25: ListPush { src_dst: RegId(12), item: RegId(13) }
26: LoadLiteral { dst: RegId(14), lit: String(DataSlice { start: 12, len: 2 }) }
27: ListPush { src_dst: RegId(12), item: RegId(14) }
28: Drain { src: RegId(12) }
29: Drain { src: RegId(9) }
30: OnError { index: 37 }
31: LoadLiteral { dst: RegId(16), lit: Int(1) }
32: LoadLiteral { dst: RegId(17), lit: Int(0) }
33: BinaryOp { lhs_dst: RegId(16), op: Math(Divide), rhs: RegId(17) }
34: Move { dst: RegId(15), src: RegId(16) }
35: PopErrorHandler
36: Jump { index: 39 }
37: LoadLiteral { dst: RegId(18), lit: Int(22) }
38: Move { dst: RegId(15), src: RegId(18) }
39: LoadLiteral { dst: RegId(19), lit: List { capacity: 2 } }
40: LoadLiteral { dst: RegId(20), lit: String(DataSlice { start: 14, len: 5 }) }
41: ListPush { src_dst: RegId(19), item: RegId(20) }
42: LoadLiteral { dst: RegId(21), lit: String(DataSlice { start: 19, len: 2 }) }
43: ListPush { src_dst: RegId(19), item: RegId(21) }
44: Drain { src: RegId(19) }
45: Return { src: RegId(15) }

