---
source: src/test.rs
expression: evaluate_example(path)
input_file: tests/binary_ops_mismatch.nu
---
==== COMPILER ====
0: String (0 to 3) ""a""
1: Plus (4 to 5)
2: Float (6 to 9) "1.0"
3: BinaryOp { lhs: NodeId(0), op: NodeId(1), rhs: NodeId(2) } (0 to 9)
4: String (10 to 13) ""a""
5: Append (14 to 16)
6: Float (17 to 20) "1.0"
7: BinaryOp { lhs: NodeId(4), op: NodeId(5), rhs: NodeId(6) } (10 to 20)
8: True (21 to 25)
9: And (26 to 29)
10: String (30 to 33) ""a""
11: BinaryOp { lhs: NodeId(8), op: NodeId(9), rhs: NodeId(10) } (21 to 33)
12: True (34 to 38)
13: NotRegexMatch (39 to 41)
14: String (42 to 48) ""true""
15: BinaryOp { lhs: NodeId(12), op: NodeId(13), rhs: NodeId(14) } (34 to 48)
16: Block(BlockId(0)) (0 to 49)
==== SCOPE ====
0: Frame Scope, node_id: NodeId(16) (empty)
==== TYPES ====
0: string
1: forbidden
2: float
3: string
4: string
5: error
6: float
7: error
8: bool
9: forbidden
10: string
11: bool
12: bool
13: forbidden
14: string
15: bool
16: bool
==== TYPE ERRORS ====
Error (NodeId 2): Expected string, got float
Error (NodeId 4): Expected list<bottom> <: '0 <: list<top>, got string
Error (NodeId 6): Expected list<bottom> <: '0 <: list<top>, got float
Error (NodeId 5): type mismatch: unsupported append between string and float
Error (NodeId 10): Expected bool, got string
Error (NodeId 12): Expected string, got bool
==== IR ====
register_count: 8
file_count: 0
0: LoadLiteral { dst: RegId(0), lit: String(DataSlice { start: 0, len: 1 }) }
1: LoadLiteral { dst: RegId(1), lit: Float(1.0) }
2: BinaryOp { lhs_dst: RegId(0), op: Math(Add), rhs: RegId(1) }
3: Drain { src: RegId(0) }
4: LoadLiteral { dst: RegId(2), lit: String(DataSlice { start: 1, len: 1 }) }
5: LoadLiteral { dst: RegId(3), lit: Float(1.0) }
6: BinaryOp { lhs_dst: RegId(2), op: Math(Concatenate), rhs: RegId(3) }
7: Drain { src: RegId(2) }
8: LoadLiteral { dst: RegId(4), lit: Bool(true) }
9: LoadLiteral { dst: RegId(5), lit: String(DataSlice { start: 2, len: 1 }) }
10: BinaryOp { lhs_dst: RegId(4), op: Boolean(And), rhs: RegId(5) }
11: Drain { src: RegId(4) }
12: LoadLiteral { dst: RegId(6), lit: Bool(true) }
13: LoadLiteral { dst: RegId(7), lit: String(DataSlice { start: 3, len: 4 }) }
14: BinaryOp { lhs_dst: RegId(6), op: Comparison(NotRegexMatch), rhs: RegId(7) }
15: Return { src: RegId(6) }
