---
source: src/test.rs
expression: evaluate_example(path)
input_file: tests/list.nu
---
==== COMPILER ====
0: Int (1 to 2) "1"
1: Int (4 to 5) "2"
2: Int (7 to 8) "3"
3: List(ListId(0)) (0 to 9)
4: Int (11 to 12) "0"
5: Int (13 to 14) "1"
6: Int (15 to 16) "2"
7: List(ListId(1)) (10 to 17)
8: String (19 to 22) ""0""
9: String (23 to 26) ""1""
10: String (27 to 30) ""2""
11: List(ListId(2)) (18 to 31)
12: Int (33 to 34) "0"
13: Int (35 to 36) "1"
14: Float (37 to 40) "2.2"
15: List(ListId(3)) (32 to 41)
16: Int (43 to 44) "0"
17: Int (45 to 46) "1"
18: String (47 to 50) ""2""
19: List(ListId(4)) (42 to 51)
20: Block(BlockId(0)) (0 to 52)
==== SCOPE ====
0: Frame Scope, node_id: NodeId(20) (empty)
==== TYPES ====
0: int
1: int
2: int
3: list<int>
4: int
5: int
6: int
7: list<int>
8: string
9: string
10: string
11: list<string>
12: int
13: int
14: float
15: list<number>
16: int
17: int
18: string
19: list<any>
20: list<any>
==== IR ====
register_count: 20
file_count: 0
0: LoadLiteral { dst: RegId(0), lit: List { capacity: 3 } }
1: LoadLiteral { dst: RegId(1), lit: Int(1) }
2: ListPush { src_dst: RegId(0), item: RegId(1) }
3: LoadLiteral { dst: RegId(2), lit: Int(2) }
4: ListPush { src_dst: RegId(0), item: RegId(2) }
5: LoadLiteral { dst: RegId(3), lit: Int(3) }
6: ListPush { src_dst: RegId(0), item: RegId(3) }
7: Drain { src: RegId(0) }
8: LoadLiteral { dst: RegId(4), lit: List { capacity: 3 } }
9: LoadLiteral { dst: RegId(5), lit: Int(0) }
10: ListPush { src_dst: RegId(4), item: RegId(5) }
11: LoadLiteral { dst: RegId(6), lit: Int(1) }
12: ListPush { src_dst: RegId(4), item: RegId(6) }
13: LoadLiteral { dst: RegId(7), lit: Int(2) }
14: ListPush { src_dst: RegId(4), item: RegId(7) }
15: Drain { src: RegId(4) }
16: LoadLiteral { dst: RegId(8), lit: List { capacity: 3 } }
17: LoadLiteral { dst: RegId(9), lit: String(DataSlice { start: 0, len: 1 }) }
18: ListPush { src_dst: RegId(8), item: RegId(9) }
19: LoadLiteral { dst: RegId(10), lit: String(DataSlice { start: 1, len: 1 }) }
20: ListPush { src_dst: RegId(8), item: RegId(10) }
21: LoadLiteral { dst: RegId(11), lit: String(DataSlice { start: 2, len: 1 }) }
22: ListPush { src_dst: RegId(8), item: RegId(11) }
23: Drain { src: RegId(8) }
24: LoadLiteral { dst: RegId(12), lit: List { capacity: 3 } }
25: LoadLiteral { dst: RegId(13), lit: Int(0) }
26: ListPush { src_dst: RegId(12), item: RegId(13) }
27: LoadLiteral { dst: RegId(14), lit: Int(1) }
28: ListPush { src_dst: RegId(12), item: RegId(14) }
29: LoadLiteral { dst: RegId(15), lit: Float(2.2) }
30: ListPush { src_dst: RegId(12), item: RegId(15) }
31: Drain { src: RegId(12) }
32: LoadLiteral { dst: RegId(16), lit: List { capacity: 3 } }
33: LoadLiteral { dst: RegId(17), lit: Int(0) }
34: ListPush { src_dst: RegId(16), item: RegId(17) }
35: LoadLiteral { dst: RegId(18), lit: Int(1) }
36: ListPush { src_dst: RegId(16), item: RegId(18) }
37: LoadLiteral { dst: RegId(19), lit: String(DataSlice { start: 3, len: 1 }) }
38: ListPush { src_dst: RegId(16), item: RegId(19) }
39: Return { src: RegId(16) }

