---
source: src/test.rs
expression: evaluate_example(path)
input_file: tests/mut_.nu
---
==== COMPILER ====
0: Variable (4 to 5) "x"
1: Name (7 to 10) "int"
2: Type { name: NodeId(1), args: None, optional: false } (7 to 10)
3: Int (13 to 16) "123"
4: Let { variable_name: NodeId(0), ty: Some(NodeId(2)), initializer: NodeId(3), is_mutable: true } (0 to 16)
5: Variable (18 to 20) "$x"
6: Assignment (21 to 22)
7: Int (23 to 24) "3"
8: Plus (25 to 26)
9: Int (27 to 30) "456"
10: BinaryOp { lhs: NodeId(7), op: NodeId(8), rhs: NodeId(9) } (23 to 30)
11: BinaryOp { lhs: NodeId(5), op: NodeId(6), rhs: NodeId(10) } (18 to 30)
12: Variable (36 to 37) "y"
13: Name (39 to 42) "int"
14: Type { name: NodeId(13), args: None, optional: false } (39 to 42)
15: Int (45 to 48) "123"
16: Int (51 to 54) "344"
17: Pipeline(PipelineId(0)) (45 to 54)
18: Let { variable_name: NodeId(12), ty: Some(NodeId(14)), initializer: NodeId(17), is_mutable: true } (32 to 54)
19: Variable (56 to 58) "$y"
20: Assignment (59 to 60)
21: Int (61 to 62) "3"
22: Plus (63 to 64)
23: Int (65 to 66) "1"
24: BinaryOp { lhs: NodeId(21), op: NodeId(22), rhs: NodeId(23) } (61 to 66)
25: BinaryOp { lhs: NodeId(19), op: NodeId(20), rhs: NodeId(24) } (56 to 66)
26: Block(BlockId(0)) (0 to 68)
==== SCOPE ====
0: Frame Scope, node_id: NodeId(26)
  variables: [ x: NodeId(0), y: NodeId(12) ]
==== TYPES ====
0: int
1: unknown
2: int
3: int
4: ()
5: int
6: forbidden
7: int
8: forbidden
9: int
10: int
11: ()
12: int
13: unknown
14: int
15: int
16: int
17: int
18: ()
19: int
20: forbidden
21: int
22: forbidden
23: int
24: int
25: ()
26: ()
==== IR ====
register_count: 11
file_count: 0
0: LoadLiteral { dst: RegId(0), lit: Int(123) }
1: StoreVariable { var_id: VarId(0), src: RegId(0) }
2: LoadLiteral { dst: RegId(1), lit: Nothing }
3: Drain { src: RegId(1) }
4: LoadLiteral { dst: RegId(2), lit: Int(3) }
5: LoadLiteral { dst: RegId(3), lit: Int(456) }
6: BinaryOp { lhs_dst: RegId(2), op: Math(Add), rhs: RegId(3) }
7: StoreVariable { var_id: VarId(0), src: RegId(2) }
8: LoadLiteral { dst: RegId(4), lit: Nothing }
9: Drain { src: RegId(4) }
10: LoadLiteral { dst: RegId(5), lit: Int(123) }
11: Drain { src: RegId(5) }
12: LoadLiteral { dst: RegId(6), lit: Int(344) }
13: StoreVariable { var_id: VarId(1), src: RegId(6) }
14: LoadLiteral { dst: RegId(7), lit: Nothing }
15: Drain { src: RegId(7) }
16: LoadLiteral { dst: RegId(8), lit: Int(3) }
17: LoadLiteral { dst: RegId(9), lit: Int(1) }
18: BinaryOp { lhs_dst: RegId(8), op: Math(Add), rhs: RegId(9) }
19: StoreVariable { var_id: VarId(1), src: RegId(8) }
20: LoadLiteral { dst: RegId(10), lit: Nothing }
21: Return { src: RegId(10) }
