---
source: src/test.rs
expression: evaluate_example(path)
input_file: tests/match.nu
---
==== COMPILER ====
0: Variable (4 to 5) "x"
1: Int (8 to 9) "1"
2: Let { variable_name: NodeId(0), ty: None, initializer: NodeId(1), is_mutable: false } (0 to 9)
3: Variable (15 to 18) "foo"
4: Variable (27 to 29) "$x"
5: Int (34 to 35) "1"
6: String (39 to 44) ""one""
7: Int (48 to 49) "2"
8: Variable (63 to 64) "w"
9: Int (67 to 68) "3"
10: Let { variable_name: NodeId(8), ty: None, initializer: NodeId(9), is_mutable: false } (59 to 68)
11: Int (73 to 74) "2"
12: Plus (75 to 76)
13: Variable (77 to 79) "$w"
14: BinaryOp { lhs: NodeId(11), op: NodeId(12), rhs: NodeId(13) } (73 to 79)
15: Block(BlockId(0)) (53 to 83)
16: Int (87 to 88) "3"
17: Null (92 to 96)
18: String (100 to 101) "_"
19: Null (105 to 107)
20: Match(MatchId(0)) (21 to 110)
21: Let { variable_name: NodeId(3), ty: None, initializer: NodeId(20), is_mutable: false } (11 to 110)
22: Block(BlockId(1)) (0 to 111)
==== SCOPE ====
0: Frame Scope, node_id: NodeId(22)
  variables: [ foo: NodeId(3), x: NodeId(0) ]
1: Frame Scope, node_id: NodeId(15)
  variables: [ w: NodeId(8) ]
==== TYPES ====
0: int
1: int
2: ()
3: oneof<int, nothing, string>
4: int
5: int
6: string
7: int
8: int
9: int
10: ()
11: int
12: forbidden
13: int
14: int
15: int
16: int
17: nothing
18: string
19: nothing
20: oneof<int, nothing, string>
21: ()
22: ()
==== TYPE ERRORS ====
Error (NodeId 18): The types do not match
==== IR ====
register_count: 18
file_count: 0
0: LoadLiteral { dst: RegId(0), lit: Int(1) }
1: StoreVariable { var_id: VarId(0), src: RegId(0) }
2: LoadLiteral { dst: RegId(1), lit: Nothing }
3: Drain { src: RegId(1) }
4: LoadVariable { dst: RegId(3), var_id: VarId(0), preserve_origin: false }
5: Clone { dst: RegId(4), src: RegId(3) }
6: LoadLiteral { dst: RegId(5), lit: Int(1) }
7: BinaryOp { lhs_dst: RegId(4), op: Comparison(Equal), rhs: RegId(5) }
8: BranchIf { cond: RegId(4), index: 10 }
9: Jump { index: 13 }
10: LoadLiteral { dst: RegId(6), lit: String(DataSlice { start: 0, len: 3 }) }
11: Move { dst: RegId(2), src: RegId(6) }
12: Jump { index: 39 }
13: Clone { dst: RegId(7), src: RegId(3) }
14: LoadLiteral { dst: RegId(8), lit: Int(2) }
15: BinaryOp { lhs_dst: RegId(7), op: Comparison(Equal), rhs: RegId(8) }
16: BranchIf { cond: RegId(7), index: 18 }
17: Jump { index: 27 }
18: LoadLiteral { dst: RegId(9), lit: Int(3) }
19: StoreVariable { var_id: VarId(1), src: RegId(9) }
20: LoadLiteral { dst: RegId(10), lit: Nothing }
21: Drain { src: RegId(10) }
22: LoadLiteral { dst: RegId(11), lit: Int(2) }
23: LoadVariable { dst: RegId(12), var_id: VarId(1), preserve_origin: false }
24: BinaryOp { lhs_dst: RegId(11), op: Math(Add), rhs: RegId(12) }
25: Move { dst: RegId(2), src: RegId(11) }
26: Jump { index: 39 }
27: Clone { dst: RegId(13), src: RegId(3) }
28: LoadLiteral { dst: RegId(14), lit: Int(3) }
29: BinaryOp { lhs_dst: RegId(13), op: Comparison(Equal), rhs: RegId(14) }
30: BranchIf { cond: RegId(13), index: 32 }
31: Jump { index: 35 }
32: LoadLiteral { dst: RegId(15), lit: Nothing }
33: Move { dst: RegId(2), src: RegId(15) }
34: Jump { index: 39 }
35: LoadLiteral { dst: RegId(16), lit: Nothing }
36: Move { dst: RegId(2), src: RegId(16) }
37: Jump { index: 39 }
38: LoadLiteral { dst: RegId(2), lit: Nothing }
39: StoreVariable { var_id: VarId(2), src: RegId(2) }
40: LoadLiteral { dst: RegId(17), lit: Nothing }
41: Return { src: RegId(17) }
