---
source: src/test.rs
expression: evaluate_example(path)
input_file: tests/pipeline.nu
---
==== COMPILER ====
0: Int (0 to 1) "1"
1: Int (4 to 5) "3"
2: Int (8 to 9) "5"
3: Pipeline(PipelineId(0)) (0 to 9)
4: Int (42 to 43) "1"
5: Int (46 to 47) "2"
6: Int (50 to 51) "3"
7: Pipeline(PipelineId(1)) (42 to 51)
8: Block(BlockId(0)) (0 to 52)
==== SCOPE ====
0: Frame Scope, node_id: NodeId(8) (empty)
==== TYPES ====
0: int
1: int
2: int
3: int
4: int
5: int
6: int
7: int
8: int
==== IR ====
register_count: 6
file_count: 0
0: LoadLiteral { dst: RegId(0), lit: Int(1) }
1: Drain { src: RegId(0) }
2: LoadLiteral { dst: RegId(1), lit: Int(3) }
3: Drain { src: RegId(1) }
4: LoadLiteral { dst: RegId(2), lit: Int(5) }
5: Drain { src: RegId(2) }
6: LoadLiteral { dst: RegId(3), lit: Int(1) }
7: Drain { src: RegId(3) }
8: LoadLiteral { dst: RegId(4), lit: Int(2) }
9: Drain { src: RegId(4) }
10: LoadLiteral { dst: RegId(5), lit: Int(3) }
11: Return { src: RegId(5) }

